2026-09-21 07:16:32.656: [INFO][Sync] Reset engine, reason: 8
2026-09-21 07:16:32.656: [INFO][Sync] Stopped: Bookmarks
2026-09-21 07:16:32.656: [INFO][Sync] Stopped: Preferences
2026-09-21 07:16:32.656: [INFO][Sync] Stopped: Passwords
2026-09-21 07:16:32.656: [INFO][Sync] Stopped: Autofill Profiles
2026-09-21 07:16:32.656: [INFO][Sync] Stopped: Autofill
2026-09-21 07:16:32.656: [INFO][Sync] Stopped: Extensions
2026-09-21 07:16:32.656: [INFO][Sync] Stopped: Sessions
2026-09-21 07:16:32.656: [INFO][Sync] Stopped: Extension settings
2026-09-21 07:16:32.656: [INFO][Sync] Stopped: History Delete Directives
2026-09-21 07:16:32.656: [INFO][Sync] Stopped: Device Info
2026-09-21 07:16:32.656: [INFO][Sync] Stopped: User Consents
2026-09-21 07:16:32.656: [INFO][Sync] Stopped: Send Tab To Self
2026-09-21 07:16:32.656: [INFO][Sync] Stopped: Web Apps
2026-09-21 07:16:32.656: [INFO][Sync] Stopped: History
2026-09-21 07:16:32.656: [INFO][Sync] Stopped: Saved Tab Group
2026-09-21 07:16:32.656: [INFO][Sync] Stopped: WebAuthn Credentials
2026-09-21 07:16:32.656: [INFO][Sync] Stopped: Edge Hub App Usage
2026-09-21 07:16:32.656: [INFO][Sync] Stopped: Edge Journey
2026-09-21 07:16:32.656: [INFO][Sync] Stopped: Edge Workspace
2026-09-21 07:16:32.656: [INFO][Sync] SyncState after authenticated was: NotSignedIn
2026-09-21 07:16:33.174: [INFO][Sync] Reset engine, reason: 8
2026-09-21 07:16:33.174: [INFO][Sync] Stopped: Bookmarks
2026-09-21 07:16:33.174: [INFO][Sync] Stopped: Preferences
2026-09-21 07:16:33.174: [INFO][Sync] Stopped: Passwords
2026-09-21 07:16:33.174: [INFO][Sync] Stopped: Autofill Profiles
2026-09-21 07:16:33.174: [INFO][Sync] Stopped: Autofill
2026-09-21 07:16:33.174: [INFO][Sync] Stopped: Extensions
2026-09-21 07:16:33.174: [INFO][Sync] Stopped: Sessions
2026-09-21 07:16:33.174: [INFO][Sync] Stopped: Extension settings
2026-09-21 07:16:33.174: [INFO][Sync] Stopped: History Delete Directives
2026-09-21 07:16:33.174: [INFO][Sync] Stopped: Device Info
2026-09-21 07:16:33.174: [INFO][Sync] Stopped: User Consents
2026-09-21 07:16:33.174: [INFO][Sync] Stopped: Send Tab To Self
2026-09-21 07:16:33.174: [INFO][Sync] Stopped: Web Apps
2026-09-21 07:16:33.174: [INFO][Sync] Stopped: History
2026-09-21 07:16:33.174: [INFO][Sync] Stopped: Saved Tab Group
2026-09-21 07:16:33.174: [INFO][Sync] Stopped: WebAuthn Credentials
2026-09-21 07:16:33.174: [INFO][Sync] Stopped: Edge Hub App Usage
2026-09-21 07:16:33.174: [INFO][Sync] Stopped: Edge Journey
2026-09-21 07:16:33.174: [INFO][Sync] Stopped: Edge Workspace
2026-09-22 06:35:16.079: [INFO][Sync] Reset engine, reason: 8
2026-09-22 06:35:16.079: [INFO][Sync] Stopped: Bookmarks
2026-09-22 06:35:16.079: [INFO][Sync] Stopped: Preferences
2026-09-22 06:35:16.079: [INFO][Sync] Stopped: Passwords
2026-09-22 06:35:16.079: [INFO][Sync] Stopped: Autofill Profiles
2026-09-22 06:35:16.079: [INFO][Sync] Stopped: Autofill
2026-09-22 06:35:16.079: [INFO][Sync] Stopped: Extensions
2026-09-22 06:35:16.079: [INFO][Sync] Stopped: Sessions
2026-09-22 06:35:16.079: [INFO][Sync] Stopped: Extension settings
2026-09-22 06:35:16.079: [INFO][Sync] Stopped: History Delete Directives
2026-09-22 06:35:16.079: [INFO][Sync] Stopped: Device Info
2026-09-22 06:35:16.079: [INFO][Sync] Stopped: User Consents
2026-09-22 06:35:16.079: [INFO][Sync] Stopped: Send Tab To Self
2026-09-22 06:35:16.079: [INFO][Sync] Stopped: Web Apps
2026-09-22 06:35:16.079: [INFO][Sync] Stopped: History
2026-09-22 06:35:16.079: [INFO][Sync] Stopped: Saved Tab Group
2026-09-22 06:35:16.079: [INFO][Sync] Stopped: WebAuthn Credentials
2026-09-22 06:35:16.079: [INFO][Sync] Stopped: Edge Hub App Usage
2026-09-22 06:35:16.079: [INFO][Sync] Stopped: Edge Journey
2026-09-22 06:35:16.079: [INFO][Sync] Stopped: Edge Workspace
2026-09-22 06:35:16.079: [INFO][Sync] SyncState after authenticated was: NotSignedIn
2026-09-22 06:35:16.217: [INFO][Sync] Reset engine, reason: 8
2026-09-22 06:35:16.217: [INFO][Sync] Stopped: Bookmarks
2026-09-22 06:35:16.217: [INFO][Sync] Stopped: Preferences
2026-09-22 06:35:16.217: [INFO][Sync] Stopped: Passwords
2026-09-22 06:35:16.217: [INFO][Sync] Stopped: Autofill Profiles
2026-09-22 06:35:16.217: [INFO][Sync] Stopped: Autofill
2026-09-22 06:35:16.217: [INFO][Sync] Stopped: Extensions
2026-09-22 06:35:16.217: [INFO][Sync] Stopped: Sessions
2026-09-22 06:35:16.217: [INFO][Sync] Stopped: Extension settings
2026-09-22 06:35:16.217: [INFO][Sync] Stopped: History Delete Directives
2026-09-22 06:35:16.217: [INFO][Sync] Stopped: Device Info
2026-09-22 06:35:16.217: [INFO][Sync] Stopped: User Consents
2026-09-22 06:35:16.217: [INFO][Sync] Stopped: Send Tab To Self
2026-09-22 06:35:16.217: [INFO][Sync] Stopped: Web Apps
2026-09-22 06:35:16.217: [INFO][Sync] Stopped: History
2026-09-22 06:35:16.218: [INFO][Sync] Stopped: Saved Tab Group
2026-09-22 06:35:16.218: [INFO][Sync] Stopped: WebAuthn Credentials
2026-09-22 06:35:16.218: [INFO][Sync] Stopped: Edge Hub App Usage
2026-09-22 06:35:16.218: [INFO][Sync] Stopped: Edge Journey
2026-09-22 06:35:16.218: [INFO][Sync] Stopped: Edge Workspace
2026-09-22 11:37:16.730: [INFO][Sync] Reset engine, reason: 8
2026-09-22 11:37:16.730: [INFO][Sync] Stopped: Bookmarks
2026-09-22 11:37:16.730: [INFO][Sync] Stopped: Preferences
2026-09-22 11:37:16.730: [INFO][Sync] Stopped: Passwords
2026-09-22 11:37:16.730: [INFO][Sync] Stopped: Autofill Profiles
2026-09-22 11:37:16.730: [INFO][Sync] Stopped: Autofill
2026-09-22 11:37:16.730: [INFO][Sync] Stopped: Extensions
2026-09-22 11:37:16.730: [INFO][Sync] Stopped: Sessions
2026-09-22 11:37:16.730: [INFO][Sync] Stopped: Extension settings
2026-09-22 11:37:16.730: [INFO][Sync] Stopped: History Delete Directives
2026-09-22 11:37:16.730: [INFO][Sync] Stopped: Device Info
2026-09-22 11:37:16.730: [INFO][Sync] Stopped: User Consents
2026-09-22 11:37:16.730: [INFO][Sync] Stopped: Send Tab To Self
2026-09-22 11:37:16.730: [INFO][Sync] Stopped: Web Apps
2026-09-22 11:37:16.730: [INFO][Sync] Stopped: History
2026-09-22 11:37:16.730: [INFO][Sync] Stopped: Saved Tab Group
2026-09-22 11:37:16.730: [INFO][Sync] Stopped: WebAuthn Credentials
2026-09-22 11:37:16.730: [INFO][Sync] Stopped: Edge Hub App Usage
2026-09-22 11:37:16.730: [INFO][Sync] Stopped: Edge Journey
2026-09-22 11:37:16.730: [INFO][Sync] Stopped: Edge Workspace
2026-09-22 11:37:16.730: [INFO][Sync] SyncState after authenticated was: NotSignedIn
2026-09-22 11:37:16.900: [INFO][Sync] Reset engine, reason: 8
2026-09-22 11:37:16.900: [INFO][Sync] Stopped: Bookmarks
2026-09-22 11:37:16.900: [INFO][Sync] Stopped: Preferences
2026-09-22 11:37:16.900: [INFO][Sync] Stopped: Passwords
2026-09-22 11:37:16.900: [INFO][Sync] Stopped: Autofill Profiles
2026-09-22 11:37:16.900: [INFO][Sync] Stopped: Autofill
2026-09-22 11:37:16.900: [INFO][Sync] Stopped: Extensions
2026-09-22 11:37:16.900: [INFO][Sync] Stopped: Sessions
2026-09-22 11:37:16.900: [INFO][Sync] Stopped: Extension settings
2026-09-22 11:37:16.900: [INFO][Sync] Stopped: History Delete Directives
2026-09-22 11:37:16.900: [INFO][Sync] Stopped: Device Info
2026-09-22 11:37:16.900: [INFO][Sync] Stopped: User Consents
2026-09-22 11:37:16.900: [INFO][Sync] Stopped: Send Tab To Self
2026-09-22 11:37:16.900: [INFO][Sync] Stopped: Web Apps
2026-09-22 11:37:16.900: [INFO][Sync] Stopped: History
2026-09-22 11:37:16.900: [INFO][Sync] Stopped: Saved Tab Group
2026-09-22 11:37:16.900: [INFO][Sync] Stopped: WebAuthn Credentials
2026-09-22 11:37:16.900: [INFO][Sync] Stopped: Edge Hub App Usage
2026-09-22 11:37:16.900: [INFO][Sync] Stopped: Edge Journey
2026-09-22 11:37:16.900: [INFO][Sync] Stopped: Edge Workspace
