2026-09-21 07:16:32.814: [INFO] CurrentProfilePath: D:\indorelitfest\browser-identity-review\Default
2026-09-21 07:16:32.814: [INFO] Profiles total count: 1
2026-09-21 07:16:32.814: [INFO] Profile: name=Profile 1 path=D:\indorelitfest\browser-identity-review\Default lastActive=null
2026-09-21 07:16:32.814: [INFO] LastUsedProfileDir: D:\indorelitfest\browser-identity-review\Default
2026-09-21 07:16:32.814: [INFO] VisibilityChanged: 0
2026-09-21 07:16:32.826: [INFO] RecordSyncInitDuration has_sync_been_enabled: 0 state: 0
2026-09-21 07:16:32.826: [INFO] RecordSyncInitDuration has_sync_been_enabled: 0 state: 0
2026-09-21 07:16:32.827: [INFO] RecordSyncInitDuration has_sync_been_enabled: 0 state: 0
2026-09-21 07:16:32.827: [INFO] RecordSyncInitDuration has_sync_been_enabled: 0 state: 0
2026-09-21 07:16:32.828: [INFO] RecordSyncInitDuration has_sync_been_enabled: 0 state: 0
2026-09-21 07:16:32.828: [INFO] RecordSyncInitDuration has_sync_been_enabled: 0 state: 0
2026-09-21 07:16:32.829: [INFO] RecordSyncInitDuration has_sync_been_enabled: 0 state: 0
2026-09-21 07:16:32.829: [INFO] RecordSyncInitDuration has_sync_been_enabled: 0 state: 0
2026-09-21 07:16:32.830: [INFO] RecordSyncInitDuration has_sync_been_enabled: 0 state: 0
2026-09-21 07:16:32.830: [INFO] RecordSyncInitDuration has_sync_been_enabled: 0 state: 0
2026-09-21 07:16:32.841: [INFO] OnDoneLoading sync enabled: 0
2026-09-21 07:16:32.841: [INFO] BookmarkModelLoaded, ids_reassigned: 0
2026-09-21 07:16:32.841: [INFO] BookmarksLoadDropped droppedNodes=0
2026-09-21 07:16:32.841: [INFO] BookmarksSnapshot Startup total=0 bar=0 other=0 mobile=0 showBar=0 showBarNTP=1
2026-09-21 07:16:33.175: [INFO] RecordSyncInitDuration has_sync_been_enabled: 0 state: 0
2026-09-22 06:35:16.192: [INFO] CurrentProfilePath: D:\indorelitfest\browser-identity-review\Default
2026-09-22 06:35:16.192: [INFO] Profiles total count: 1
2026-09-22 06:35:16.192: [INFO] Profile: name=Profile 1 path=D:\indorelitfest\browser-identity-review\Default lastActive=2026-09-21T07:16:32.824Z
2026-09-22 06:35:16.192: [INFO] LastUsedProfileDir: D:\indorelitfest\browser-identity-review\Default
2026-09-22 06:35:16.192: [INFO] MostRecentlyActiveProfile: name=Profile 1 path=D:\indorelitfest\browser-identity-review\Default lastActive=2026-09-21T07:16:32.824Z
2026-09-22 06:35:16.192: [INFO] VisibilityChanged: 0
2026-09-22 06:35:16.217: [INFO] OnDoneLoading sync enabled: 0
2026-09-22 06:35:16.217: [INFO] BookmarkModelLoaded, ids_reassigned: 0
2026-09-22 06:35:16.217: [INFO] BookmarksLoadDropped droppedNodes=0
2026-09-22 06:35:16.217: [INFO] BookmarksSnapshot Startup total=0 bar=0 other=0 mobile=0 showBar=0 showBarNTP=1
2026-09-22 06:35:16.218: [INFO] RecordSyncInitDuration has_sync_been_enabled: 0 state: 0
2026-09-22 11:37:16.875: [INFO] CurrentProfilePath: D:\indorelitfest\browser-identity-review\Default
2026-09-22 11:37:16.875: [INFO] Profiles total count: 1
2026-09-22 11:37:16.875: [INFO] Profile: name=Profile 1 path=D:\indorelitfest\browser-identity-review\Default lastActive=2026-09-22T06:35:16.203Z
2026-09-22 11:37:16.875: [INFO] LastUsedProfileDir: D:\indorelitfest\browser-identity-review\Default
2026-09-22 11:37:16.875: [INFO] MostRecentlyActiveProfile: name=Profile 1 path=D:\indorelitfest\browser-identity-review\Default lastActive=2026-09-22T06:35:16.203Z
2026-09-22 11:37:16.875: [INFO] VisibilityChanged: 0
2026-09-22 11:37:16.898: [INFO] OnDoneLoading sync enabled: 0
2026-09-22 11:37:16.898: [INFO] BookmarkModelLoaded, ids_reassigned: 0
2026-09-22 11:37:16.898: [INFO] BookmarksLoadDropped droppedNodes=0
2026-09-22 11:37:16.898: [INFO] BookmarksSnapshot Startup total=0 bar=0 other=0 mobile=0 showBar=0 showBarNTP=1
2026-09-22 11:37:16.901: [INFO] RecordSyncInitDuration has_sync_been_enabled: 0 state: 0
